[debug] [2026-05-17T11:15:29.793Z] ----------------------------------------------------------------------
[debug] [2026-05-17T11:15:29.796Z] Command:       /Users/I562107/.nvm/versions/node/v20.16.0/bin/node /opt/homebrew/bin/firebase projects:list
[debug] [2026-05-17T11:15:29.797Z] CLI Version:   13.1.0
[debug] [2026-05-17T11:15:29.797Z] Platform:      darwin
[debug] [2026-05-17T11:15:29.798Z] Node Version:  v20.16.0
[debug] [2026-05-17T11:15:29.798Z] Time:          Sun May 17 2026 16:45:29 GMT+0530 (India Standard Time)
[debug] [2026-05-17T11:15:29.798Z] ----------------------------------------------------------------------
[debug] 
[debug] [2026-05-17T11:15:29.805Z] >>> [apiv2][query] GET https://firebase-public.firebaseio.com/cli.json [none]
[debug] [2026-05-17T11:15:29.839Z] > command requires scopes: ["email","openid","https://www.googleapis.com/auth/cloudplatformprojects.readonly","https://www.googleapis.com/auth/firebase","https://www.googleapis.com/auth/cloud-platform"]
[debug] [2026-05-17T11:15:29.839Z] > authorizing via signed-in user (hoopincapp@gmail.com)
[debug] [2026-05-17T11:15:29.841Z] > refreshing access token with scopes: []
[debug] [2026-05-17T11:15:29.842Z] >>> [apiv2][query] POST https://www.googleapis.com/oauth2/v3/token [none]
[debug] [2026-05-17T11:15:29.842Z] >>> [apiv2][body] POST https://www.googleapis.com/oauth2/v3/token [omitted]
[debug] [2026-05-17T11:15:30.279Z] <<< [apiv2][status] POST https://www.googleapis.com/oauth2/v3/token 400
[debug] [2026-05-17T11:15:30.279Z] <<< [apiv2][body] POST https://www.googleapis.com/oauth2/v3/token [omitted]
[debug] [2026-05-17T11:15:30.279Z] >>> [apiv2][query] GET https://firebase.googleapis.com/v1beta1/projects pageSize=1000
[debug] [2026-05-17T11:15:30.677Z] <<< [apiv2][status] GET https://firebase-public.firebaseio.com/cli.json 200
[debug] [2026-05-17T11:15:30.678Z] <<< [apiv2][body] GET https://firebase-public.firebaseio.com/cli.json {"cloudBuildErrorAfter":1594252800000,"cloudBuildWarnAfter":1590019200000,"defaultNode10After":1594252800000,"minVersion":"3.0.5","node8DeploysDisabledAfter":1613390400000,"node8RuntimeDisabledAfter":1615809600000,"node8WarnAfter":1600128000000}
[debug] [2026-05-17T11:15:30.744Z] <<< [apiv2][status] GET https://firebase.googleapis.com/v1beta1/projects 401
[debug] [2026-05-17T11:15:30.744Z] <<< [apiv2][body] GET https://firebase.googleapis.com/v1beta1/projects [omitted]
[debug] [2026-05-17T11:15:30.746Z] HTTP Error: 401, Request had invalid authentication credentials. Expected OAuth 2 access token, login cookie or other valid authentication credential. See https://developers.google.com/identity/sign-in/web/devconsole-project.
[debug] [2026-05-17T11:15:30.992Z] FirebaseError: HTTP Error: 401, Request had invalid authentication credentials. Expected OAuth 2 access token, login cookie or other valid authentication credential. See https://developers.google.com/identity/sign-in/web/devconsole-project.
    at responseToError (/opt/homebrew/lib/node_modules/firebase-tools/lib/responseToError.js:49:12)
    at RetryOperation._fn (/opt/homebrew/lib/node_modules/firebase-tools/lib/apiv2.js:292:77)
    at process.processTicksAndRejections (node:internal/process/task_queues:95:5)
[error] 
[error] Error: Failed to list Firebase projects. See firebase-debug.log for more info.
